// Vitest Snapshot v1, https://vitest.dev/guide/snapshot.html

exports[`ProductCard > should render successfully 1`] = `
<article
  class="lui-product-card"
>
  <header
    class="lui-product-card-header"
  >
    <img
      alt="Limitless Shirt"
      src="/stories/assets/shirt.jpg"
    />
  </header>
  <section
    class="lui-product-card-main"
  >
    <div
      class="lui-product-card-title"
    >
      Limitless Shirt
    </div>
    <div
      class="lui-product-card-subtitle"
    >
      Apparel
    </div>
  </section>
  <footer
    class="lui-product-card-footer"
  >
    <div
      class="lui-product-card-price"
    >
      <span
        class="lui-product-card-price-value"
      >
        $25.00
      </span>
    </div>
    <button
      class="lui-product-card-btn lui-product-card-btn--primary"
    >
      Add to cart
    </button>
  </footer>
</article>
`;
