// Vitest Snapshot v1, https://vitest.dev/guide/snapshot.html

exports[`Currency > should render successfully in different currencies and locales 1`] = `
<div>
  <span
    class="lui-price"
  >
    $
  </span>
  <span
    class="lui-price"
  >
    €
  </span>
  <span
    class="lui-price"
  >
    £
  </span>
  <span
    class="lui-price"
  >
    ₹
  </span>
  <span
    class="lui-price"
  >
    AED
  </span>
  <span
    class="lui-price"
  >
    CN¥
  </span>
  <span
    class="lui-price"
  >
    ¥
  </span>
  <span
    class="lui-price"
  >
    US$
  </span>
  <span
    class="lui-price"
  >
    €
  </span>
  <span
    class="lui-price"
  >
    £
  </span>
  <span
    class="lui-price"
  >
    ₹
  </span>
  <span
    class="lui-price"
  >
    AED
  </span>
  <span
    class="lui-price"
  >
    CN¥
  </span>
  <span
    class="lui-price"
  >
    JP¥
  </span>
  <span
    class="lui-price"
  >
    USD
  </span>
  <span
    class="lui-price"
  >
    €
  </span>
  <span
    class="lui-price"
  >
    GBP
  </span>
  <span
    class="lui-price"
  >
    INR
  </span>
  <span
    class="lui-price"
  >
    AED
  </span>
  <span
    class="lui-price"
  >
    CNY
  </span>
  <span
    class="lui-price"
  >
    JPY
  </span>
  <span
    class="lui-price"
  >
    $
  </span>
  <span
    class="lui-price"
  >
    €
  </span>
  <span
    class="lui-price"
  >
    £
  </span>
  <span
    class="lui-price"
  >
    ₹
  </span>
  <span
    class="lui-price"
  >
    AED
  </span>
  <span
    class="lui-price"
  >
    元
  </span>
  <span
    class="lui-price"
  >
    ￥
  </span>
  <span
    class="lui-price"
  >
    $
  </span>
  <span
    class="lui-price"
  >
    €
  </span>
  <span
    class="lui-price"
  >
    £
  </span>
  <span
    class="lui-price"
  >
    ₹
  </span>
  <span
    class="lui-price"
  >
    AED
  </span>
  <span
    class="lui-price"
  >
    CN¥
  </span>
  <span
    class="lui-price"
  >
    JP¥
  </span>
  <span
    class="lui-price"
  >
    ‏US$
  </span>
  <span
    class="lui-price"
  >
    ‏€
  </span>
  <span
    class="lui-price"
  >
    ‏UK£
  </span>
  <span
    class="lui-price"
  >
    ‏₹
  </span>
  <span
    class="lui-price"
  >
    ‏دإ‏
  </span>
  <span
    class="lui-price"
  >
    ‏CN¥
  </span>
  <span
    class="lui-price"
  >
    ‏JP¥
  </span>
  <span
    class="lui-price"
  >
    US$
  </span>
  <span
    class="lui-price"
  >
    €
  </span>
  <span
    class="lui-price"
  >
    £
  </span>
  <span
    class="lui-price"
  >
    ₹
  </span>
  <span
    class="lui-price"
  >
    AED
  </span>
  <span
    class="lui-price"
  >
    ¥
  </span>
  <span
    class="lui-price"
  >
    JP¥
  </span>
</div>
`;
